2026-01-03 13:28:21,852 DEBUG cd library-bench && uv venv env --seed --python python3
2026-01-03 13:28:23,412 LOG Getting frappe
2026-01-03 13:28:23,412 DEBUG cd library-bench/apps && git clone https://github.com/frappe/frappe.git --branch version-15 --depth 1 --origin upstream
2026-01-03 13:28:29,902 LOG Installing frappe
2026-01-03 13:28:29,903 DEBUG cd /home/angele/library-bench && uv pip install --quiet --upgrade -e /home/angele/library-bench/apps/frappe  --python /home/angele/library-bench/env/bin/python
2026-01-03 13:28:33,811 DEBUG cd /home/angele/library-bench/apps/frappe && yarn install --check-files
2026-01-03 13:28:45,408 DEBUG cd library-bench && bench build
2026-01-03 13:28:45,513 INFO /home/angele/env/bin/bench build
2026-01-03 13:29:05,535 LOG setting up backups
2026-01-03 13:29:05,551 LOG backups were set up
2026-01-03 13:29:05,551 INFO Bench library-bench initialized
2026-01-03 13:30:32,821 INFO /home/angele/env/bin/bench start
2026-01-03 13:30:33,117 INFO /home/angele/env/bin/bench worker
2026-01-03 13:30:33,129 INFO /home/angele/env/bin/bench watch
2026-01-03 13:30:33,144 INFO /home/angele/env/bin/bench schedule
2026-01-03 13:30:33,145 INFO /home/angele/env/bin/bench serve --port 8000
2026-01-03 13:31:55,028 INFO /home/angele/env/bin/bench start
2026-01-03 13:31:55,315 INFO /home/angele/env/bin/bench serve --port 8000
2026-01-03 13:31:55,320 INFO /home/angele/env/bin/bench watch
2026-01-03 13:31:55,322 INFO /home/angele/env/bin/bench worker
2026-01-03 13:31:55,336 INFO /home/angele/env/bin/bench schedule
2026-01-03 13:32:23,361 INFO /home/angele/env/bin/bench start
2026-01-03 13:32:23,645 INFO /home/angele/env/bin/bench serve --port 8000
2026-01-03 13:32:23,705 INFO /home/angele/env/bin/bench watch
2026-01-03 13:32:23,707 INFO /home/angele/env/bin/bench schedule
2026-01-03 13:32:23,829 INFO /home/angele/env/bin/bench worker
2026-01-03 13:34:29,270 INFO /home/angele/env/bin/bench new-app library_management
2026-01-03 13:34:29,276 LOG creating new app library_management
2026-01-03 13:35:05,335 LOG Installing library_management
2026-01-03 13:35:05,336 DEBUG cd /home/angele/library-bench && uv pip install --quiet --upgrade -e /home/angele/library-bench/apps/library_management  --python /home/angele/library-bench/env/bin/python
2026-01-03 13:35:06,905 DEBUG bench build --app library_management
2026-01-03 13:35:07,058 INFO /home/angele/env/bin/bench build --app library_management
2026-01-03 13:37:23,105 INFO /home/angele/env/bin/bench new-site library.localhost --mariadb-root-username frappe --db-root-password 1234
2026-01-03 13:39:02,967 INFO /home/angele/env/bin/bench --site library.localhost add-to-hosts
2026-01-03 13:39:16,075 INFO /home/angele/env/bin/bench start
2026-01-03 13:39:16,452 INFO /home/angele/env/bin/bench schedule
2026-01-03 13:39:16,459 INFO /home/angele/env/bin/bench watch
2026-01-03 13:39:16,465 INFO /home/angele/env/bin/bench serve --port 8000
2026-01-03 13:39:16,487 INFO /home/angele/env/bin/bench worker
2026-01-03 13:43:06,499 INFO /home/angele/env/bin/bench --site library.localhost install-app library_management
2026-01-03 13:43:43,445 INFO /home/angele/env/bin/bench 00site library.localhost list-apps
2026-01-03 13:43:50,066 INFO /home/angele/env/bin/bench --site library.localhost list-apps
2026-01-03 13:46:01,684 INFO /home/angele/env/bin/bench --site library.localhost backup
2026-01-03 13:47:42,983 INFO /home/angele/env/bin/bench set-config -g developer_mode true
2026-01-03 13:47:47,193 INFO /home/angele/env/bin/bench start
2026-01-03 13:47:47,554 INFO /home/angele/env/bin/bench watch
2026-01-03 13:47:47,561 INFO /home/angele/env/bin/bench worker
2026-01-03 13:47:47,561 INFO /home/angele/env/bin/bench serve --port 8000
2026-01-03 13:47:47,565 INFO /home/angele/env/bin/bench schedule
2026-01-03 13:56:20,485 INFO /home/angele/env/bin/bench --site library.localhost mariadb
2026-01-03 14:02:50,446 INFO /home/angele/env/bin/bench --site library.localhost mariadb
2026-01-03 14:43:23,384 INFO /home/angele/env/bin/bench set-config -g server_script_enabled true
2026-01-03 14:44:29,770 INFO /home/angele/env/bin/bench --site library.localhost mariadb
2026-01-03 23:23:58,609 INFO /home/angele/env/bin/bench set-config -g server_script_enabled 1
2026-01-04 00:00:02,262 INFO /home/angele/env/bin/bench --verbose --site all backup
2026-01-04 07:43:47,379 INFO /home/angele/env/bin/bench start
2026-01-04 07:43:47,949 INFO /home/angele/env/bin/bench schedule
2026-01-04 07:43:47,977 INFO /home/angele/env/bin/bench watch
2026-01-04 07:43:47,986 INFO /home/angele/env/bin/bench serve --port 8000
2026-01-04 07:43:47,986 INFO /home/angele/env/bin/bench worker
2026-01-04 07:46:16,977 INFO /home/angele/env/bin/bench --site library.localhost mariadb
2026-01-04 08:01:49,620 INFO /home/angele/env/bin/bench new-site library.localhost --mariadb-root-username frappe --db-root-password 1234
2026-01-04 08:02:46,040 INFO /home/angele/env/bin/bench --site library.localhost add-to-hosts
2026-01-04 08:03:15,440 INFO /home/angele/env/bin/bench --site library.localhost install-app library_management
2026-01-04 08:04:05,555 INFO /home/angele/env/bin/bench start
2026-01-04 08:04:06,091 INFO /home/angele/env/bin/bench serve --port 8000
2026-01-04 08:04:06,103 INFO /home/angele/env/bin/bench watch
2026-01-04 08:04:06,104 INFO /home/angele/env/bin/bench worker
2026-01-04 08:04:06,105 INFO /home/angele/env/bin/bench schedule
2026-01-04 08:04:37,751 INFO /home/angele/env/bin/bench --site library.localhost mariadb
2026-01-04 08:06:01,324 INFO /home/angele/env/bin/bench --site library.localhost list-apps
2026-01-04 08:06:18,217 INFO /home/angele/env/bin/bench --site library.localhost set-admin-password
2026-01-04 22:11:20,412 INFO /home/angele/env/bin/bench start
2026-01-04 22:11:20,918 INFO /home/angele/env/bin/bench serve --port 8000
2026-01-04 22:11:20,922 INFO /home/angele/env/bin/bench watch
2026-01-04 22:11:20,928 INFO /home/angele/env/bin/bench worker
2026-01-04 22:11:20,942 INFO /home/angele/env/bin/bench schedule
2026-01-05 06:08:46,118 INFO /home/angele/env/bin/bench start
2026-01-05 06:08:47,192 INFO /home/angele/env/bin/bench schedule
2026-01-05 06:08:47,290 INFO /home/angele/env/bin/bench watch
2026-01-05 06:08:47,593 INFO /home/angele/env/bin/bench serve --port 8000
2026-01-05 06:08:47,647 INFO /home/angele/env/bin/bench worker
2026-01-05 08:25:28,716 INFO /home/angele/env/bin/bench start
2026-01-05 08:25:29,125 INFO /home/angele/env/bin/bench serve --port 8000
2026-01-05 08:25:29,134 INFO /home/angele/env/bin/bench schedule
2026-01-05 08:25:29,144 INFO /home/angele/env/bin/bench worker
2026-01-05 08:25:29,148 INFO /home/angele/env/bin/bench watch
2026-01-05 11:30:54,965 INFO /home/angele/env/bin/bench start
2026-01-05 11:30:55,355 INFO /home/angele/env/bin/bench watch
2026-01-05 11:30:55,363 INFO /home/angele/env/bin/bench serve --port 8000
2026-01-05 11:30:55,374 INFO /home/angele/env/bin/bench schedule
2026-01-05 11:30:55,380 INFO /home/angele/env/bin/bench worker
2026-01-05 12:00:01,439 INFO /home/angele/env/bin/bench --verbose --site all backup
2026-01-05 12:32:43,050 INFO /home/angele/env/bin/bench start
2026-01-05 12:34:25,664 INFO /home/angele/env/bin/bench start
2026-01-05 12:34:44,625 INFO /home/angele/env/bin/bench start
2026-01-05 12:37:12,504 INFO /home/angele/env/bin/bench start
2026-01-05 12:38:15,642 INFO /home/angele/env/bin/bench start
2026-01-05 12:38:15,933 INFO /home/angele/env/bin/bench watch
2026-01-05 12:38:15,947 INFO /home/angele/env/bin/bench serve --port 8000
2026-01-05 12:38:15,966 INFO /home/angele/env/bin/bench worker
2026-01-05 12:38:15,970 INFO /home/angele/env/bin/bench schedule
2026-01-06 08:52:06,055 INFO /home/angele/env/bin/bench start
2026-01-06 08:52:07,373 INFO /home/angele/env/bin/bench schedule
2026-01-06 08:52:07,409 INFO /home/angele/env/bin/bench worker
2026-01-06 08:52:08,044 INFO /home/angele/env/bin/bench watch
2026-01-06 08:52:08,636 INFO /home/angele/env/bin/bench serve --port 8000
2026-01-06 12:00:02,203 INFO /home/angele/env/bin/bench --verbose --site all backup
2026-01-06 16:41:39,488 INFO /home/angele/env/bin/bench start
2026-01-06 16:42:36,511 INFO /home/angele/env/bin/bench start
2026-01-06 16:43:43,474 INFO /home/angele/env/bin/bench start
2026-01-06 16:43:43,911 INFO /home/angele/env/bin/bench serve --port 8000
2026-01-06 16:43:43,927 INFO /home/angele/env/bin/bench watch
2026-01-06 16:43:43,972 INFO /home/angele/env/bin/bench worker
2026-01-06 16:43:43,985 INFO /home/angele/env/bin/bench schedule
2026-01-06 19:06:33,886 INFO /home/angele/env/bin/bench start
2026-01-06 19:06:34,323 INFO /home/angele/env/bin/bench schedule
2026-01-06 19:06:34,324 INFO /home/angele/env/bin/bench worker
2026-01-06 19:06:34,326 INFO /home/angele/env/bin/bench watch
2026-01-06 19:06:34,337 INFO /home/angele/env/bin/bench serve --port 8000
2026-01-07 00:00:02,742 INFO /home/angele/env/bin/bench --verbose --site all backup
2026-01-07 08:39:40,460 INFO /home/angele/env/bin/bench start
2026-01-07 08:39:40,870 INFO /home/angele/env/bin/bench serve --port 8000
2026-01-07 08:39:40,876 INFO /home/angele/env/bin/bench watch
2026-01-07 08:39:40,895 INFO /home/angele/env/bin/bench worker
2026-01-07 08:39:40,898 INFO /home/angele/env/bin/bench schedule
2026-01-07 10:51:19,869 INFO /home/angele/env/bin/bench start
2026-01-07 10:51:20,627 INFO /home/angele/env/bin/bench watch
2026-01-07 10:51:20,644 INFO /home/angele/env/bin/bench serve --port 8000
2026-01-07 10:51:20,649 INFO /home/angele/env/bin/bench worker
2026-01-07 10:51:20,666 INFO /home/angele/env/bin/bench schedule
2026-01-07 11:26:13,898 INFO /home/angele/env/bin/bench start
2026-01-07 11:26:14,453 INFO /home/angele/env/bin/bench serve --port 8000
2026-01-07 11:26:14,460 INFO /home/angele/env/bin/bench schedule
2026-01-07 11:26:14,461 INFO /home/angele/env/bin/bench watch
2026-01-07 11:26:14,484 INFO /home/angele/env/bin/bench worker
2026-01-07 11:32:56,295 INFO /home/angele/env/bin/bench clear-cache
2026-01-07 11:33:04,478 INFO /home/angele/env/bin/bench clear-cache
2026-01-07 11:33:14,545 INFO /home/angele/env/bin/bench --library.localhost clear-cache
2026-01-07 11:33:26,158 INFO /home/angele/env/bin/bench start
2026-01-07 11:33:26,564 INFO /home/angele/env/bin/bench serve --port 8000
2026-01-07 11:33:26,578 INFO /home/angele/env/bin/bench watch
2026-01-07 11:33:26,581 INFO /home/angele/env/bin/bench schedule
2026-01-07 11:33:26,593 INFO /home/angele/env/bin/bench worker
2026-01-07 11:53:27,364 INFO /home/angele/env/bin/bench start
2026-01-07 11:53:27,931 INFO /home/angele/env/bin/bench serve --port 8000
2026-01-07 11:53:27,952 INFO /home/angele/env/bin/bench schedule
2026-01-07 11:53:27,954 INFO /home/angele/env/bin/bench worker
2026-01-07 11:53:27,961 INFO /home/angele/env/bin/bench watch
2026-01-07 12:00:01,664 INFO /home/angele/env/bin/bench --verbose --site all backup
2026-01-07 12:14:23,399 INFO /home/angele/env/bin/bench start
2026-01-07 12:14:24,129 INFO /home/angele/env/bin/bench serve --port 8000
2026-01-07 12:14:24,141 INFO /home/angele/env/bin/bench watch
2026-01-07 12:14:24,161 INFO /home/angele/env/bin/bench worker
2026-01-07 12:14:24,170 INFO /home/angele/env/bin/bench schedule
2026-01-07 12:37:22,888 INFO /home/angele/env/bin/bench start
2026-01-07 12:37:23,669 INFO /home/angele/env/bin/bench serve --port 8000
2026-01-07 12:37:23,696 INFO /home/angele/env/bin/bench schedule
2026-01-07 12:37:23,696 INFO /home/angele/env/bin/bench watch
2026-01-07 12:37:23,710 INFO /home/angele/env/bin/bench worker
2026-01-07 12:44:01,622 INFO /home/angele/env/bin/bench start
2026-01-07 12:44:02,238 INFO /home/angele/env/bin/bench schedule
2026-01-07 12:44:02,274 INFO /home/angele/env/bin/bench serve --port 8000
2026-01-07 12:44:02,283 INFO /home/angele/env/bin/bench watch
2026-01-07 12:44:02,297 INFO /home/angele/env/bin/bench worker
2026-01-07 12:51:03,851 INFO /home/angele/env/bin/bench start
2026-01-07 12:51:04,391 INFO /home/angele/env/bin/bench serve --port 8000
2026-01-07 12:51:04,404 INFO /home/angele/env/bin/bench worker
2026-01-07 12:51:04,411 INFO /home/angele/env/bin/bench watch
2026-01-07 12:51:04,411 INFO /home/angele/env/bin/bench schedule
2026-01-07 12:52:38,845 INFO /home/angele/env/bin/bench start
2026-01-07 12:52:39,256 INFO /home/angele/env/bin/bench watch
2026-01-07 12:52:39,276 INFO /home/angele/env/bin/bench serve --port 8000
2026-01-07 12:52:39,282 INFO /home/angele/env/bin/bench schedule
2026-01-07 12:52:39,295 INFO /home/angele/env/bin/bench worker
2026-01-07 12:56:34,405 INFO /home/angele/env/bin/bench doctor
2026-01-07 12:57:00,012 INFO /home/angele/env/bin/bench clear-cache
2026-01-07 12:57:27,918 INFO /home/angele/env/bin/bench --site library.localhost clear-cache
2026-01-07 12:57:42,754 INFO /home/angele/env/bin/bench start
2026-01-07 12:57:43,148 INFO /home/angele/env/bin/bench serve --port 8000
2026-01-07 12:57:43,164 INFO /home/angele/env/bin/bench watch
2026-01-07 12:57:43,172 INFO /home/angele/env/bin/bench schedule
2026-01-07 12:57:43,180 INFO /home/angele/env/bin/bench worker
2026-01-07 14:09:17,769 INFO /home/angele/env/bin/bench --site library.localhost migrate
2026-01-07 14:09:28,782 INFO /home/angele/env/bin/bench start
2026-01-07 14:09:29,308 INFO /home/angele/env/bin/bench serve --port 8000
2026-01-07 14:09:29,323 INFO /home/angele/env/bin/bench worker
2026-01-07 14:09:29,324 INFO /home/angele/env/bin/bench watch
2026-01-07 14:09:29,346 INFO /home/angele/env/bin/bench schedule
2026-01-07 14:09:36,155 INFO /home/angele/env/bin/bench --site library.localhost migrate
2026-01-07 14:09:55,130 INFO /home/angele/env/bin/bench clear-cache
2026-01-07 14:12:50,980 INFO /home/angele/env/bin/bench start
2026-01-07 14:12:51,531 INFO /home/angele/env/bin/bench serve --port 8000
2026-01-07 14:12:51,548 INFO /home/angele/env/bin/bench schedule
2026-01-07 14:12:51,548 INFO /home/angele/env/bin/bench worker
2026-01-07 14:12:51,551 INFO /home/angele/env/bin/bench watch
2026-01-07 14:14:58,314 INFO /home/angele/env/bin/bench --site library.localhost migrate
2026-01-07 14:15:06,242 INFO /home/angele/env/bin/bench clear-cache
2026-01-07 14:15:11,864 INFO /home/angele/env/bin/bench start
2026-01-07 14:15:12,277 INFO /home/angele/env/bin/bench worker
2026-01-07 14:15:12,287 INFO /home/angele/env/bin/bench watch
2026-01-07 14:15:12,297 INFO /home/angele/env/bin/bench serve --port 8000
2026-01-07 14:15:12,301 INFO /home/angele/env/bin/bench schedule
